Using pre-set license
Built from '6000.0/staging' branch; Version is '6000.0.27f1 (27c554a2199c) revision 2606420'; Using compiler version '193933523'; Build Type 'Release'
OS: 'Windows 10  (10.0.19045) 64bit Core' Language: 'fr' Physical Memory: 16138 MB
BatchMode: 1, IsHumanControllingUs: 0, StartBugReporterOnCrash: 0, Is64bit: 1, IsPro: 1

COMMAND LINE ARGUMENTS:
C:\Program Files\Unity\Hub\Editor\6000.0.27f1\Editor\Unity.exe
-adb2
-batchMode
-noUpm
-name
AssetImportWorker0
-projectPath
C:/Users/const/Desktop/Cours/fac 2024-2027/Unity/projet_final/Place-Holder/Place Holder
-logFile
Logs/AssetImportWorker0.log
-srvPort
57410
-job-worker-count
3
-background-job-worker-count
8
-asset-garbage-collectors
1
Successfully changed project path to: C:/Users/const/Desktop/Cours/fac 2024-2027/Unity/projet_final/Place-Holder/Place Holder
C:/Users/const/Desktop/Cours/fac 2024-2027/Unity/projet_final/Place-Holder/Place Holder
[UnityMemory] Configuration Parameters - Can be set up in boot.config
    "memorysetup-bucket-allocator-granularity=16"
    "memorysetup-bucket-allocator-bucket-count=8"
    "memorysetup-bucket-allocator-block-size=33554432"
    "memorysetup-bucket-allocator-block-count=8"
    "memorysetup-main-allocator-block-size=16777216"
    "memorysetup-thread-allocator-block-size=16777216"
    "memorysetup-gfx-main-allocator-block-size=16777216"
    "memorysetup-gfx-thread-allocator-block-size=16777216"
    "memorysetup-cache-allocator-block-size=4194304"
    "memorysetup-typetree-allocator-block-size=2097152"
    "memorysetup-profiler-bucket-allocator-granularity=16"
    "memorysetup-profiler-bucket-allocator-bucket-count=8"
    "memorysetup-profiler-bucket-allocator-block-size=33554432"
    "memorysetup-profiler-bucket-allocator-block-count=8"
    "memorysetup-profiler-allocator-block-size=16777216"
    "memorysetup-profiler-editor-allocator-block-size=1048576"
    "memorysetup-temp-allocator-size-main=16777216"
    "memorysetup-job-temp-allocator-block-size=2097152"
    "memorysetup-job-temp-allocator-block-size-background=1048576"
    "memorysetup-job-temp-allocator-reduction-small-platforms=262144"
    "memorysetup-allocator-temp-initial-block-size-main=262144"
    "memorysetup-allocator-temp-initial-block-size-worker=262144"
    "memorysetup-temp-allocator-size-background-worker=32768"
    "memorysetup-temp-allocator-size-job-worker=262144"
    "memorysetup-temp-allocator-size-preload-manager=33554432"
    "memorysetup-temp-allocator-size-nav-mesh-worker=65536"
    "memorysetup-temp-allocator-size-audio-worker=65536"
    "memorysetup-temp-allocator-size-cloud-worker=32768"
    "memorysetup-temp-allocator-size-gi-baking-worker=262144"
    "memorysetup-temp-allocator-size-gi-baking-worker=262144"
    "memorysetup-temp-allocator-size-gi-baking-worker=262144"
    "memorysetup-temp-allocator-size-gi-baking-worker=262144"
    "memorysetup-temp-allocator-size-gi-baking-worker=262144"
    "memorysetup-temp-allocator-size-gfx=262144"
Player connection [12476]  Target information:

Player connection [12476]  * "[IP] 192.168.1.46 [Port] 0 [Flags] 2 [Guid] 1786333655 [EditorId] 1786333655 [Version] 1048832 [Id] WindowsEditor(7,DESKTOP-6DJJCEI) [Debug] 1 [PackageName] WindowsEditor [ProjectName] Editor" 

Player connection [12476] Host joined multi-casting on [225.0.0.222:54997]...
Player connection [12476] Host joined alternative multi-casting on [225.0.0.222:34997]...
JobSystem: Creating JobQueue using job-worker-count value 3
[Physics::Module] Initialized fallback backend.
[Physics::Module] Id: 0xdecafbad
Library Redirect Path: Library/
[Physics::Module] Selected backend.
[Physics::Module] Name: PhysX
[Physics::Module] Id: 0xf2b8ea05
[Physics::Module] SDK Version: 4.1.2
[Physics::Module] Integration Version: 1.0.0
[Physics::Module] Threading Mode: Multi-Threaded
Refreshing native plugins compatible for Editor in 148.68 ms, found 10 plugins.
Preloading 1 native plugins for Editor in 11.40 ms.
Initialize engine version: 6000.0.27f1 (27c554a2199c)
[Subsystems] Discovering subsystems at path C:/Program Files/Unity/Hub/Editor/6000.0.27f1/Editor/Data/Resources/UnitySubsystems
[Subsystems] Discovering subsystems at path C:/Users/const/Desktop/Cours/fac 2024-2027/Unity/projet_final/Place-Holder/Place Holder/Assets
GfxDevice: creating device client; kGfxThreadingModeNonThreaded
Direct3D:
    Version:  Direct3D 11.0 [level 11.1]
    Renderer: Intel(R) Iris(R) Plus Graphics (ID=0x8a52)
    Vendor:   Intel
    VRAM:     8069 MB
    Driver:   27.20.100.8783
Initialize mono
Mono path[0] = 'C:/Program Files/Unity/Hub/Editor/6000.0.27f1/Editor/Data/Managed'
Mono path[1] = 'C:/Program Files/Unity/Hub/Editor/6000.0.27f1/Editor/Data/MonoBleedingEdge/lib/mono/unityjit-win32'
Mono config path = 'C:/Program Files/Unity/Hub/Editor/6000.0.27f1/Editor/Data/MonoBleedingEdge/etc'
Using monoOptions --debugger-agent=transport=dt_socket,embedding=1,server=y,suspend=n,address=127.0.0.1:56440
Begin MonoManager ReloadAssembly
Registering precompiled unity dll's ...
Register platform support module: C:/Program Files/Unity/Hub/Editor/6000.0.27f1/Editor/Data/PlaybackEngines/WindowsStandaloneSupport/UnityEditor.WindowsStandalone.Extensions.dll
Registered in 0.034715 seconds.
- Loaded All Assemblies, in  3.022 seconds
Native extension for WindowsStandalone target not found
Mono: successfully reloaded assembly
- Finished resetting the current domain, in  1.840 seconds
Domain Reload Profiling: 4830ms
	BeginReloadAssembly (998ms)
		ExecutionOrderSort (0ms)
		DisableScriptedObjects (0ms)
		BackupInstance (0ms)
		ReleaseScriptingObjects (0ms)
		CreateAndSetChildDomain (4ms)
	RebuildCommonClasses (239ms)
	RebuildNativeTypeToScriptingClass (72ms)
	initialDomainReloadingComplete (475ms)
	LoadAllAssembliesAndSetupDomain (1205ms)
		LoadAssemblies (972ms)
		RebuildTransferFunctionScriptingTraits (0ms)
		AnalyzeDomain (1186ms)
			TypeCache.Refresh (1181ms)
				TypeCache.ScanAssembly (1095ms)
			BuildScriptInfoCaches (1ms)
			ResolveRequiredComponents (2ms)
	FinalizeReload (1842ms)
		ReleaseScriptCaches (0ms)
		RebuildScriptCaches (0ms)
		SetupLoadedEditorAssemblies (1541ms)
			LogAssemblyErrors (0ms)
			InitializePlatformSupportModulesInManaged (169ms)
			SetLoadedEditorAssemblies (25ms)
			BeforeProcessingInitializeOnLoad (33ms)
			ProcessInitializeOnLoadAttributes (907ms)
			ProcessInitializeOnLoadMethodAttributes (389ms)
			AfterProcessingInitializeOnLoad (18ms)
			EditorAssembliesLoaded (1ms)
		ExecutionOrderSort2 (0ms)
		AwakeInstancesAfterBackupRestoration (0ms)
Assembly reference Packages/com.unity.cinemachine/Editor/Samples/ExposeHDRPInternals/HDRP-Editor-ref.asmref has no target assembly definition
========================================================================
Worker process is ready to serve import requests
Import Worker Mode flag is 0x00
Assembly reference Packages/com.unity.cinemachine/Editor/Samples/ExposeHDRPInternals/HDRP-Editor-ref.asmref has no target assembly definition
Assembly reference Packages/com.unity.cinemachine/Editor/Samples/ExposeHDRPInternals/HDRP-Editor-ref.asmref has no target assembly definition
Begin MonoManager ReloadAssembly
- Loaded All Assemblies, in  4.493 seconds
Assembly reference Packages/com.unity.cinemachine/Editor/Samples/ExposeHDRPInternals/HDRP-Editor-ref.asmref has no target assembly definition
'Packages/com.unity.cinemachine/Editor/Obsolete/CinemachineVirtualCameraBaseEditor.cs' contains partial class of Unity.Object, exactly 1 of the partial classes needs to be in a file with the same filename. This is to know the one that can be referenced from ie. GameObjects
'Packages/com.unity.cinemachine/Editor/Editors/CinemachineVirtualCameraBaseEditor.cs' contains partial class of Unity.Object, exactly 1 of the partial classes needs to be in a file with the same filename. This is to know the one that can be referenced from ie. GameObjects
Refreshing native plugins compatible for Editor in 36.07 ms, found 10 plugins.
Native extension for WindowsStandalone target not found
Assembly reference Packages/com.unity.cinemachine/Editor/Samples/ExposeHDRPInternals/HDRP-Editor-ref.asmref has no target assembly definition
Package Manager log level set to [2]
[Package Manager] Failed to launch server process. Reason: Unity was launched with the -noUpm command-line argument
[Package Manager] Unable to send message (not connected to server process).
[Package Manager] Cannot connect to Unity Package Manager local server
The project currently uses the compatibility mode where the Render Graph API is disabled. Support for this mode will be removed in future Unity versions. Migrate existing ScriptableRenderPasses to the new RenderGraph API. After the migration, disable the compatibility mode in Edit > Projects Settings > Graphics > Render Graph.
UnityEngine.Debug:ExtractStackTraceNoAlloc (byte*,int,string)
UnityEngine.StackTraceUtility:ExtractStackTrace ()
UnityEngine.DebugLogHandler:Internal_Log (UnityEngine.LogType,UnityEngine.LogOption,string,UnityEngine.Object)
UnityEngine.DebugLogHandler:LogFormat (UnityEngine.LogType,UnityEngine.Object,string,object[])
UnityEngine.Logger:Log (UnityEngine.LogType,object)
UnityEngine.Debug:LogWarning (object)
UnityEngine.Rendering.Universal.WarnUsingNonRenderGraph:EmitConsoleWarning () (at ./Library/PackageCache/com.unity.render-pipelines.universal/Runtime/Data/UniversalRenderPipelineAsset.cs:427)
System.Reflection.RuntimeMethodInfo:Invoke (object,System.Reflection.BindingFlags,System.Reflection.Binder,object[],System.Globalization.CultureInfo)
System.Reflection.MethodBase:Invoke (object,object[])
UnityEditor.EditorAssemblies:ProcessInitializeOnLoadMethodAttributes ()

(Filename: ./Library/PackageCache/com.unity.render-pipelines.universal/Runtime/Data/UniversalRenderPipelineAsset.cs Line: 427)

Mono: successfully reloaded assembly
- Finished resetting the current domain, in  3.184 seconds
Domain Reload Profiling: 7632ms
	BeginReloadAssembly (1898ms)
		ExecutionOrderSort (0ms)
		DisableScriptedObjects (16ms)
		BackupInstance (0ms)
		ReleaseScriptingObjects (0ms)
		CreateAndSetChildDomain (101ms)
	RebuildCommonClasses (138ms)
	RebuildNativeTypeToScriptingClass (37ms)
	initialDomainReloadingComplete (146ms)
	LoadAllAssembliesAndSetupDomain (2227ms)
		LoadAssemblies (1624ms)
		RebuildTransferFunctionScriptingTraits (0ms)
		AnalyzeDomain (1010ms)
			TypeCache.Refresh (624ms)
				TypeCache.ScanAssembly (584ms)
			BuildScriptInfoCaches (338ms)
			ResolveRequiredComponents (40ms)
	FinalizeReload (3185ms)
		ReleaseScriptCaches (0ms)
		RebuildScriptCaches (0ms)
		SetupLoadedEditorAssemblies (2430ms)
			LogAssemblyErrors (0ms)
			InitializePlatformSupportModulesInManaged (6ms)
			SetLoadedEditorAssemblies (14ms)
			BeforeProcessingInitializeOnLoad (325ms)
			ProcessInitializeOnLoadAttributes (1624ms)
			ProcessInitializeOnLoadMethodAttributes (423ms)
			AfterProcessingInitializeOnLoad (37ms)
			EditorAssembliesLoaded (0ms)
		ExecutionOrderSort2 (0ms)
		AwakeInstancesAfterBackupRestoration (15ms)
Launched and connected shader compiler UnityShaderCompiler.exe after 0.07 seconds
Refreshing native plugins compatible for Editor in 23.88 ms, found 10 plugins.
Preloading 1 native plugins for Editor in 0.34 ms.
Unloading 244 Unused Serialized files (Serialized files now loaded: 0)
Unloading 6851 unused Assets / (5.2 MB). Loaded Objects now: 7645.
Memory consumption went from 209.1 MB to 203.9 MB.
Total: 24.139400 ms (FindLiveObjects: 1.113800 ms CreateObjectMapping: 2.278900 ms MarkObjects: 13.508800 ms  DeleteObjects: 7.234100 ms)

========================================================================
Received Prepare
Refreshing native plugins compatible for Editor in 18.96 ms, found 10 plugins.
Preloading 1 native plugins for Editor in 0.17 ms.
Unloading 17 Unused Serialized files (Serialized files now loaded: 0)
Unloading 17 unused Assets / (2.4 MB). Loaded Objects now: 7645.
Memory consumption went from 162.1 MB to 159.7 MB.
Total: 16.263300 ms (FindLiveObjects: 0.901500 ms CreateObjectMapping: 0.861000 ms MarkObjects: 13.010200 ms  DeleteObjects: 1.487700 ms)

Prepare: number of updated asset objects reloaded= 0
========================================================================
Received Prepare
Refreshing native plugins compatible for Editor in 36.16 ms, found 10 plugins.
Preloading 1 native plugins for Editor in 1.09 ms.
Unloading 17 Unused Serialized files (Serialized files now loaded: 0)
Unloading 17 unused Assets / (2.4 MB). Loaded Objects now: 7645.
Memory consumption went from 162.1 MB to 159.7 MB.
Total: 24.784100 ms (FindLiveObjects: 1.285400 ms CreateObjectMapping: 3.946800 ms MarkObjects: 18.014700 ms  DeleteObjects: 1.534600 ms)

Prepare: number of updated asset objects reloaded= 0
========================================================================
Received Import Request.
  Time since last request: 70945.548870 seconds.
  path: Assets/New Terrain.asset
  artifactKey: Guid(314146171c4f18e4bafa38b2f40aa697) Importer(815301076,1909f56bfc062723c751e8b465ee728b)
Start importing Assets/New Terrain.asset using Guid(314146171c4f18e4bafa38b2f40aa697) Importer(815301076,1909f56bfc062723c751e8b465ee728b) (PreviewImporter) -> (artifact id: '8e1a302433fe75b95c6368b41e51a65c') in 0.131028 seconds
Number of updated asset objects reloaded before import = 0Number of asset objects unloaded after import = 1

========================================================================
Received Import Request.
  Time since last request: 28.704021 seconds.
  path: Assets/Scenes
  artifactKey: Guid(0519365503c40b64b9c5f20168f64cd6) Importer(815301076,1909f56bfc062723c751e8b465ee728b)
Start importing Assets/Scenes using Guid(0519365503c40b64b9c5f20168f64cd6) Importer(815301076,1909f56bfc062723c751e8b465ee728b) (PreviewImporter) -> (artifact id: '5f146629a51367e154f73c1d1b096559') in 0.0018244 seconds
Number of updated asset objects reloaded before import = 0Number of asset objects unloaded after import = 0

========================================================================
Received Import Request.
  Time since last request: 1.048629 seconds.
  path: Assets/Scenes/MainScene.unity
  artifactKey: Guid(99c9720ab356a0642a771bea13969a05) Importer(815301076,1909f56bfc062723c751e8b465ee728b)
Start importing Assets/Scenes/MainScene.unity using Guid(99c9720ab356a0642a771bea13969a05) Importer(815301076,1909f56bfc062723c751e8b465ee728b) (PreviewImporter) -> (artifact id: '2801009b1094d84ca17eab60c4fd82d1') in 0.0031072 seconds
Number of updated asset objects reloaded before import = 0Number of asset objects unloaded after import = 0

========================================================================
Received Import Request.
  Time since last request: 7.717030 seconds.
  path: Assets/_Tests_Giulia/cubeFace.psd
  artifactKey: Guid(8bc2eedec237c074fa732707f952cbad) Importer(815301076,1909f56bfc062723c751e8b465ee728b)
Start importing Assets/_Tests_Giulia/cubeFace.psd using Guid(8bc2eedec237c074fa732707f952cbad) Importer(815301076,1909f56bfc062723c751e8b465ee728b) (PreviewImporter) -> (artifact id: '445dce7abce57a7e6cafeba5576af28e') in 0.135029 seconds
Number of updated asset objects reloaded before import = 0Number of asset objects unloaded after import = 2

========================================================================
Received Import Request.
  Time since last request: 2.619322 seconds.
  path: Assets/_Tests_Giulia/mapTest
  artifactKey: Guid(2bee1681ebcad95409af8d9949400c65) Importer(815301076,1909f56bfc062723c751e8b465ee728b)
Start importing Assets/_Tests_Giulia/mapTest using Guid(2bee1681ebcad95409af8d9949400c65) Importer(815301076,1909f56bfc062723c751e8b465ee728b) (PreviewImporter) -> (artifact id: '6870553411138e15f8eadcd043c2aa76') in 0.0032458 seconds
Number of updated asset objects reloaded before import = 0Number of asset objects unloaded after import = 0

========================================================================
Received Import Request.
  Time since last request: 1.639954 seconds.
  path: Assets/_Tests_Giulia/mapTest/mapTestScene.unity
  artifactKey: Guid(781068a215f02cf479cc9f70ecab79f3) Importer(815301076,1909f56bfc062723c751e8b465ee728b)
Start importing Assets/_Tests_Giulia/mapTest/mapTestScene.unity using Guid(781068a215f02cf479cc9f70ecab79f3) Importer(815301076,1909f56bfc062723c751e8b465ee728b) (PreviewImporter) -> (artifact id: '11cd45fb34eda5e5bf3d623d335f8681') in 0.0027296 seconds
Number of updated asset objects reloaded before import = 0Number of asset objects unloaded after import = 0

========================================================================
Received Import Request.
  Time since last request: 6.622906 seconds.
  path: Assets/_Tests_Leslie/DepthWater.shadersubgraph
  artifactKey: Guid(43c33d4722f7a644caaa5d171f5644f4) Importer(815301076,1909f56bfc062723c751e8b465ee728b)
Start importing Assets/_Tests_Leslie/DepthWater.shadersubgraph using Guid(43c33d4722f7a644caaa5d171f5644f4) Importer(815301076,1909f56bfc062723c751e8b465ee728b) (PreviewImporter) -> (artifact id: 'd9bc6d78bc7c61fa431599d7684736e2') in 0.0092234 seconds
Number of updated asset objects reloaded before import = 0Number of asset objects unloaded after import = 1

========================================================================
Received Import Request.
  Time since last request: 0.000055 seconds.
  path: Assets/_Tests_Leslie/Water.mat
  artifactKey: Guid(98aa4026170100242b680cc4d6a5fa58) Importer(815301076,1909f56bfc062723c751e8b465ee728b)
Start importing Assets/_Tests_Leslie/Water.mat using Guid(98aa4026170100242b680cc4d6a5fa58) Importer(815301076,1909f56bfc062723c751e8b465ee728b) (PreviewImporter) -> (artifact id: 'ea02ee066190473c2aab61ef475abb5e') in 2.1995397 seconds
Number of updated asset objects reloaded before import = 0Number of asset objects unloaded after import = 9

========================================================================
Received Import Request.
  Time since last request: 1.129122 seconds.
  path: Assets/_Tests_Leslie/Scenes
  artifactKey: Guid(b86b91ccedd0aff48a79a8f19a76a404) Importer(815301076,1909f56bfc062723c751e8b465ee728b)
Start importing Assets/_Tests_Leslie/Scenes using Guid(b86b91ccedd0aff48a79a8f19a76a404) Importer(815301076,1909f56bfc062723c751e8b465ee728b) (PreviewImporter) -> (artifact id: 'a043f19b65041aad94368794abf14046') in 0.0013135 seconds
Number of updated asset objects reloaded before import = 0Number of asset objects unloaded after import = 0

========================================================================
Received Import Request.
  Time since last request: 1.823457 seconds.
  path: Assets/_Tests_Leslie/Scenes/SampleScene.unity
  artifactKey: Guid(c3fea50c9650cf544b922167c26196f4) Importer(815301076,1909f56bfc062723c751e8b465ee728b)
Start importing Assets/_Tests_Leslie/Scenes/SampleScene.unity using Guid(c3fea50c9650cf544b922167c26196f4) Importer(815301076,1909f56bfc062723c751e8b465ee728b) (PreviewImporter) -> (artifact id: 'fac772e018c30c1f3ee9cff5b32f3ebe') in 0.0015171 seconds
Number of updated asset objects reloaded before import = 0Number of asset objects unloaded after import = 0

========================================================================
Received Import Request.
  Time since last request: 49.230581 seconds.
  path: Assets/_Tests_Leslie/Scenes/worldbending.shadergraph
  artifactKey: Guid(f0011b57b8c82ec46a5b937168042a19) Importer(815301076,1909f56bfc062723c751e8b465ee728b)
Start importing Assets/_Tests_Leslie/Scenes/worldbending.shadergraph using Guid(f0011b57b8c82ec46a5b937168042a19) Importer(815301076,1909f56bfc062723c751e8b465ee728b) (PreviewImporter) -> (artifact id: 'a851d868ac8acf53d8b10ce9971b90d7') in 0.5211591 seconds
Number of updated asset objects reloaded before import = 0Number of asset objects unloaded after import = 2

========================================================================
Received Import Request.
  Time since last request: 57.590943 seconds.
  path: Assets/_Tests_Leslie/Scenes/worldbending.shadergraph
  artifactKey: Guid(f0011b57b8c82ec46a5b937168042a19) Importer(815301076,1909f56bfc062723c751e8b465ee728b)
Start importing Assets/_Tests_Leslie/Scenes/worldbending.shadergraph using Guid(f0011b57b8c82ec46a5b937168042a19) Importer(815301076,1909f56bfc062723c751e8b465ee728b) (PreviewImporter) -> (artifact id: 'c8527f8dc2d96b75ee00c834a91489f9') in 0.3912832 seconds
Number of updated asset objects reloaded before import = 0Number of asset objects unloaded after import = 2

